Watching for file changes with StatReloader
[03/Jun/2026 10:47:03] "GET / HTTP/1.1" 200 12836
[03/Jun/2026 10:47:03,198] - Broken pipe from ('127.0.0.1', 60615)
[03/Jun/2026 10:48:41] "GET / HTTP/1.1" 200 12836
[03/Jun/2026 10:48:41] "GET /static/css/local_bootstrap.css HTTP/1.1" 304 0
[03/Jun/2026 10:48:41] "GET /chatbot/ HTTP/1.1" 200 423
Not Found: /favicon.ico
[03/Jun/2026 10:48:42] "GET /favicon.ico HTTP/1.1" 404 7508
[03/Jun/2026 10:52:16] "GET / HTTP/1.1" 200 12690
[03/Jun/2026 10:52:17] "GET /chatbot/ HTTP/1.1" 200 423
Not Found: /favicon.ico
[03/Jun/2026 10:52:17] "GET /favicon.ico HTTP/1.1" 404 7508
C:\Users\carol\OneDrive\Desktop\cabanas\cabanas_project\urls.py changed, reloading.
Watching for file changes with StatReloader
[03/Jun/2026 10:55:00] "GET /panel-html/ HTTP/1.1" 200 5086
[03/Jun/2026 10:55:00,661] - Broken pipe from ('127.0.0.1', 58656)
[03/Jun/2026 10:55:06] "GET /panel-django/ HTTP/1.1" 200 6928
[03/Jun/2026 10:55:06,159] - Broken pipe from ('127.0.0.1', 54238)
[03/Jun/2026 10:55:22] "GET /panel-django/ HTTP/1.1" 200 6928
[03/Jun/2026 10:55:22] "GET /panel-html/ HTTP/1.1" 200 5086
Not Found: /favicon.ico
[03/Jun/2026 10:55:22] "GET /favicon.ico HTTP/1.1" 404 7508
C:\Users\carol\OneDrive\Desktop\cabanas\cabana_apps\urls.py changed, reloading.
Watching for file changes with StatReloader
C:\Users\carol\OneDrive\Desktop\cabanas\cabana_apps\views.py changed, reloading.
Watching for file changes with StatReloader
[03/Jun/2026 11:10:28] "GET /panel-django/ HTTP/1.1" 200 6857
[03/Jun/2026 11:10:38] "GET /panel-django/ HTTP/1.1" 200 6857
[03/Jun/2026 11:10:41] "GET /panel-django/ HTTP/1.1" 200 6857
[03/Jun/2026 11:10:43] "GET / HTTP/1.1" 200 12690
[03/Jun/2026 11:10:43] "GET /chatbot/ HTTP/1.1" 200 423
[03/Jun/2026 11:11:11] "GET /abm/clientes/ HTTP/1.1" 200 2529
[03/Jun/2026 11:11:14] "GET /abm/clientes/nuevo/ HTTP/1.1" 200 3470
C:\Users\carol\OneDrive\Desktop\cabanas\cabana_apps\models.py changed, reloading.
Watching for file changes with StatReloader
[03/Jun/2026 11:28:59] "GET /panel-django/ HTTP/1.1" 200 10193
[03/Jun/2026 11:29:31] "GET /panel-django/ HTTP/1.1" 200 10193
[03/Jun/2026 11:29:37] "GET /abm/clientes/nuevo/ HTTP/1.1" 200 3470
[03/Jun/2026 11:29:44] "GET /abm/reservas/nueva/ HTTP/1.1" 200 4068
[03/Jun/2026 11:58:37] "GET / HTTP/1.1" 200 12690
[03/Jun/2026 11:58:37,851] - Broken pipe from ('127.0.0.1', 54062)
[03/Jun/2026 11:59:59] "GET / HTTP/1.1" 200 12690
[03/Jun/2026 11:59:59] "GET /chatbot/ HTTP/1.1" 200 423
Invalid HTTP_HOST header: 'ether-savanna-bash.ngrok-free.dev'. You may need to add 'ether-savanna-bash.ngrok-free.dev' to ALLOWED_HOSTS.
Traceback (most recent call last):
  File "C:\Users\carol\OneDrive\Desktop\cabanas\.venv\Lib\site-packages\django\core\handlers\exception.py", line 55, in inner
    response = get_response(request)
  File "C:\Users\carol\OneDrive\Desktop\cabanas\.venv\Lib\site-packages\django\utils\deprecation.py", line 308, in __call__
    response = self.process_request(request)
  File "C:\Users\carol\OneDrive\Desktop\cabanas\.venv\Lib\site-packages\django\middleware\common.py", line 48, in process_request
    host = request.get_host()
  File "C:\Users\carol\OneDrive\Desktop\cabanas\.venv\Lib\site-packages\django\http\request.py", line 206, in get_host
    raise DisallowedHost(msg)
django.core.exceptions.DisallowedHost: Invalid HTTP_HOST header: 'ether-savanna-bash.ngrok-free.dev'. You may need to add 'ether-savanna-bash.ngrok-free.dev' to ALLOWED_HOSTS.
[03/Jun/2026 12:04:45] "POST /webhook HTTP/1.1" 400 72727
Invalid HTTP_HOST header: 'ether-savanna-bash.ngrok-free.dev'. You may need to add 'ether-savanna-bash.ngrok-free.dev' to ALLOWED_HOSTS.
Traceback (most recent call last):
  File "C:\Users\carol\OneDrive\Desktop\cabanas\.venv\Lib\site-packages\django\core\handlers\exception.py", line 55, in inner
    response = get_response(request)
  File "C:\Users\carol\OneDrive\Desktop\cabanas\.venv\Lib\site-packages\django\utils\deprecation.py", line 308, in __call__
    response = self.process_request(request)
  File "C:\Users\carol\OneDrive\Desktop\cabanas\.venv\Lib\site-packages\django\middleware\common.py", line 48, in process_request
    host = request.get_host()
  File "C:\Users\carol\OneDrive\Desktop\cabanas\.venv\Lib\site-packages\django\http\request.py", line 206, in get_host
    raise DisallowedHost(msg)
django.core.exceptions.DisallowedHost: Invalid HTTP_HOST header: 'ether-savanna-bash.ngrok-free.dev'. You may need to add 'ether-savanna-bash.ngrok-free.dev' to ALLOWED_HOSTS.
[03/Jun/2026 12:04:46] "POST /webhook HTTP/1.1" 400 72727
Invalid HTTP_HOST header: 'ether-savanna-bash.ngrok-free.dev'. You may need to add 'ether-savanna-bash.ngrok-free.dev' to ALLOWED_HOSTS.
Traceback (most recent call last):
  File "C:\Users\carol\OneDrive\Desktop\cabanas\.venv\Lib\site-packages\django\core\handlers\exception.py", line 55, in inner
    response = get_response(request)
  File "C:\Users\carol\OneDrive\Desktop\cabanas\.venv\Lib\site-packages\django\utils\deprecation.py", line 308, in __call__
    response = self.process_request(request)
  File "C:\Users\carol\OneDrive\Desktop\cabanas\.venv\Lib\site-packages\django\middleware\common.py", line 48, in process_request
    host = request.get_host()
  File "C:\Users\carol\OneDrive\Desktop\cabanas\.venv\Lib\site-packages\django\http\request.py", line 206, in get_host
    raise DisallowedHost(msg)
django.core.exceptions.DisallowedHost: Invalid HTTP_HOST header: 'ether-savanna-bash.ngrok-free.dev'. You may need to add 'ether-savanna-bash.ngrok-free.dev' to ALLOWED_HOSTS.
[03/Jun/2026 12:04:49] "POST /webhook HTTP/1.1" 400 72727
Invalid HTTP_HOST header: 'ether-savanna-bash.ngrok-free.dev'. You may need to add 'ether-savanna-bash.ngrok-free.dev' to ALLOWED_HOSTS.
Traceback (most recent call last):
  File "C:\Users\carol\OneDrive\Desktop\cabanas\.venv\Lib\site-packages\django\core\handlers\exception.py", line 55, in inner
    response = get_response(request)
  File "C:\Users\carol\OneDrive\Desktop\cabanas\.venv\Lib\site-packages\django\utils\deprecation.py", line 308, in __call__
    response = self.process_request(request)
  File "C:\Users\carol\OneDrive\Desktop\cabanas\.venv\Lib\site-packages\django\middleware\common.py", line 48, in process_request
    host = request.get_host()
  File "C:\Users\carol\OneDrive\Desktop\cabanas\.venv\Lib\site-packages\django\http\request.py", line 206, in get_host
    raise DisallowedHost(msg)
django.core.exceptions.DisallowedHost: Invalid HTTP_HOST header: 'ether-savanna-bash.ngrok-free.dev'. You may need to add 'ether-savanna-bash.ngrok-free.dev' to ALLOWED_HOSTS.
[03/Jun/2026 12:04:54] "POST /webhook HTTP/1.1" 400 72727
Invalid HTTP_HOST header: 'ether-savanna-bash.ngrok-free.dev'. You may need to add 'ether-savanna-bash.ngrok-free.dev' to ALLOWED_HOSTS.
Traceback (most recent call last):
  File "C:\Users\carol\OneDrive\Desktop\cabanas\.venv\Lib\site-packages\django\core\handlers\exception.py", line 55, in inner
    response = get_response(request)
  File "C:\Users\carol\OneDrive\Desktop\cabanas\.venv\Lib\site-packages\django\utils\deprecation.py", line 308, in __call__
    response = self.process_request(request)
  File "C:\Users\carol\OneDrive\Desktop\cabanas\.venv\Lib\site-packages\django\middleware\common.py", line 48, in process_request
    host = request.get_host()
  File "C:\Users\carol\OneDrive\Desktop\cabanas\.venv\Lib\site-packages\django\http\request.py", line 206, in get_host
    raise DisallowedHost(msg)
django.core.exceptions.DisallowedHost: Invalid HTTP_HOST header: 'ether-savanna-bash.ngrok-free.dev'. You may need to add 'ether-savanna-bash.ngrok-free.dev' to ALLOWED_HOSTS.
[03/Jun/2026 12:05:03] "POST /webhook HTTP/1.1" 400 72727
Invalid HTTP_HOST header: 'ether-savanna-bash.ngrok-free.dev'. You may need to add 'ether-savanna-bash.ngrok-free.dev' to ALLOWED_HOSTS.
Traceback (most recent call last):
  File "C:\Users\carol\OneDrive\Desktop\cabanas\.venv\Lib\site-packages\django\core\handlers\exception.py", line 55, in inner
    response = get_response(request)
  File "C:\Users\carol\OneDrive\Desktop\cabanas\.venv\Lib\site-packages\django\utils\deprecation.py", line 308, in __call__
    response = self.process_request(request)
  File "C:\Users\carol\OneDrive\Desktop\cabanas\.venv\Lib\site-packages\django\middleware\common.py", line 48, in process_request
    host = request.get_host()
  File "C:\Users\carol\OneDrive\Desktop\cabanas\.venv\Lib\site-packages\django\http\request.py", line 206, in get_host
    raise DisallowedHost(msg)
django.core.exceptions.DisallowedHost: Invalid HTTP_HOST header: 'ether-savanna-bash.ngrok-free.dev'. You may need to add 'ether-savanna-bash.ngrok-free.dev' to ALLOWED_HOSTS.
[03/Jun/2026 12:05:20] "POST /webhook HTTP/1.1" 400 72727
Invalid HTTP_HOST header: 'ether-savanna-bash.ngrok-free.dev'. You may need to add 'ether-savanna-bash.ngrok-free.dev' to ALLOWED_HOSTS.
Traceback (most recent call last):
  File "C:\Users\carol\OneDrive\Desktop\cabanas\.venv\Lib\site-packages\django\core\handlers\exception.py", line 55, in inner
    response = get_response(request)
  File "C:\Users\carol\OneDrive\Desktop\cabanas\.venv\Lib\site-packages\django\utils\deprecation.py", line 308, in __call__
    response = self.process_request(request)
  File "C:\Users\carol\OneDrive\Desktop\cabanas\.venv\Lib\site-packages\django\middleware\common.py", line 48, in process_request
    host = request.get_host()
  File "C:\Users\carol\OneDrive\Desktop\cabanas\.venv\Lib\site-packages\django\http\request.py", line 206, in get_host
    raise DisallowedHost(msg)
django.core.exceptions.DisallowedHost: Invalid HTTP_HOST header: 'ether-savanna-bash.ngrok-free.dev'. You may need to add 'ether-savanna-bash.ngrok-free.dev' to ALLOWED_HOSTS.
[03/Jun/2026 12:05:53] "POST /webhook HTTP/1.1" 400 72727
Invalid HTTP_HOST header: 'ether-savanna-bash.ngrok-free.dev'. You may need to add 'ether-savanna-bash.ngrok-free.dev' to ALLOWED_HOSTS.
Traceback (most recent call last):
  File "C:\Users\carol\OneDrive\Desktop\cabanas\.venv\Lib\site-packages\django\core\handlers\exception.py", line 55, in inner
    response = get_response(request)
  File "C:\Users\carol\OneDrive\Desktop\cabanas\.venv\Lib\site-packages\django\utils\deprecation.py", line 308, in __call__
    response = self.process_request(request)
  File "C:\Users\carol\OneDrive\Desktop\cabanas\.venv\Lib\site-packages\django\middleware\common.py", line 48, in process_request
    host = request.get_host()
  File "C:\Users\carol\OneDrive\Desktop\cabanas\.venv\Lib\site-packages\django\http\request.py", line 206, in get_host
    raise DisallowedHost(msg)
django.core.exceptions.DisallowedHost: Invalid HTTP_HOST header: 'ether-savanna-bash.ngrok-free.dev'. You may need to add 'ether-savanna-bash.ngrok-free.dev' to ALLOWED_HOSTS.
[03/Jun/2026 12:06:57] "POST /webhook HTTP/1.1" 400 72727
Invalid HTTP_HOST header: 'ether-savanna-bash.ngrok-free.dev'. You may need to add 'ether-savanna-bash.ngrok-free.dev' to ALLOWED_HOSTS.
Traceback (most recent call last):
  File "C:\Users\carol\OneDrive\Desktop\cabanas\.venv\Lib\site-packages\django\core\handlers\exception.py", line 55, in inner
    response = get_response(request)
  File "C:\Users\carol\OneDrive\Desktop\cabanas\.venv\Lib\site-packages\django\utils\deprecation.py", line 308, in __call__
    response = self.process_request(request)
  File "C:\Users\carol\OneDrive\Desktop\cabanas\.venv\Lib\site-packages\django\middleware\common.py", line 48, in process_request
    host = request.get_host()
  File "C:\Users\carol\OneDrive\Desktop\cabanas\.venv\Lib\site-packages\django\http\request.py", line 206, in get_host
    raise DisallowedHost(msg)
django.core.exceptions.DisallowedHost: Invalid HTTP_HOST header: 'ether-savanna-bash.ngrok-free.dev'. You may need to add 'ether-savanna-bash.ngrok-free.dev' to ALLOWED_HOSTS.
[03/Jun/2026 12:08:08] "POST /webhook HTTP/1.1" 400 72727
Invalid HTTP_HOST header: 'ether-savanna-bash.ngrok-free.dev'. You may need to add 'ether-savanna-bash.ngrok-free.dev' to ALLOWED_HOSTS.
Traceback (most recent call last):
  File "C:\Users\carol\OneDrive\Desktop\cabanas\.venv\Lib\site-packages\django\core\handlers\exception.py", line 55, in inner
    response = get_response(request)
  File "C:\Users\carol\OneDrive\Desktop\cabanas\.venv\Lib\site-packages\django\utils\deprecation.py", line 308, in __call__
    response = self.process_request(request)
  File "C:\Users\carol\OneDrive\Desktop\cabanas\.venv\Lib\site-packages\django\middleware\common.py", line 48, in process_request
    host = request.get_host()
  File "C:\Users\carol\OneDrive\Desktop\cabanas\.venv\Lib\site-packages\django\http\request.py", line 206, in get_host
    raise DisallowedHost(msg)
django.core.exceptions.DisallowedHost: Invalid HTTP_HOST header: 'ether-savanna-bash.ngrok-free.dev'. You may need to add 'ether-savanna-bash.ngrok-free.dev' to ALLOWED_HOSTS.
[03/Jun/2026 12:09:35] "POST /webhook HTTP/1.1" 400 72727
Invalid HTTP_HOST header: 'ether-savanna-bash.ngrok-free.dev'. You may need to add 'ether-savanna-bash.ngrok-free.dev' to ALLOWED_HOSTS.
Traceback (most recent call last):
  File "C:\Users\carol\OneDrive\Desktop\cabanas\.venv\Lib\site-packages\django\core\handlers\exception.py", line 55, in inner
    response = get_response(request)
  File "C:\Users\carol\OneDrive\Desktop\cabanas\.venv\Lib\site-packages\django\utils\deprecation.py", line 308, in __call__
    response = self.process_request(request)
  File "C:\Users\carol\OneDrive\Desktop\cabanas\.venv\Lib\site-packages\django\middleware\common.py", line 48, in process_request
    host = request.get_host()
  File "C:\Users\carol\OneDrive\Desktop\cabanas\.venv\Lib\site-packages\django\http\request.py", line 206, in get_host
    raise DisallowedHost(msg)
django.core.exceptions.DisallowedHost: Invalid HTTP_HOST header: 'ether-savanna-bash.ngrok-free.dev'. You may need to add 'ether-savanna-bash.ngrok-free.dev' to ALLOWED_HOSTS.
[03/Jun/2026 12:10:46] "POST /webhook HTTP/1.1" 400 72727
Invalid HTTP_HOST header: 'ether-savanna-bash.ngrok-free.dev'. You may need to add 'ether-savanna-bash.ngrok-free.dev' to ALLOWED_HOSTS.
Traceback (most recent call last):
  File "C:\Users\carol\OneDrive\Desktop\cabanas\.venv\Lib\site-packages\django\core\handlers\exception.py", line 55, in inner
    response = get_response(request)
  File "C:\Users\carol\OneDrive\Desktop\cabanas\.venv\Lib\site-packages\django\utils\deprecation.py", line 308, in __call__
    response = self.process_request(request)
  File "C:\Users\carol\OneDrive\Desktop\cabanas\.venv\Lib\site-packages\django\middleware\common.py", line 48, in process_request
    host = request.get_host()
  File "C:\Users\carol\OneDrive\Desktop\cabanas\.venv\Lib\site-packages\django\http\request.py", line 206, in get_host
    raise DisallowedHost(msg)
django.core.exceptions.DisallowedHost: Invalid HTTP_HOST header: 'ether-savanna-bash.ngrok-free.dev'. You may need to add 'ether-savanna-bash.ngrok-free.dev' to ALLOWED_HOSTS.
[03/Jun/2026 12:12:31] "POST /webhook HTTP/1.1" 400 72727
Invalid HTTP_HOST header: 'ether-savanna-bash.ngrok-free.dev'. You may need to add 'ether-savanna-bash.ngrok-free.dev' to ALLOWED_HOSTS.
Traceback (most recent call last):
  File "C:\Users\carol\OneDrive\Desktop\cabanas\.venv\Lib\site-packages\django\core\handlers\exception.py", line 55, in inner
    response = get_response(request)
  File "C:\Users\carol\OneDrive\Desktop\cabanas\.venv\Lib\site-packages\django\utils\deprecation.py", line 308, in __call__
    response = self.process_request(request)
  File "C:\Users\carol\OneDrive\Desktop\cabanas\.venv\Lib\site-packages\django\middleware\common.py", line 48, in process_request
    host = request.get_host()
  File "C:\Users\carol\OneDrive\Desktop\cabanas\.venv\Lib\site-packages\django\http\request.py", line 206, in get_host
    raise DisallowedHost(msg)
django.core.exceptions.DisallowedHost: Invalid HTTP_HOST header: 'ether-savanna-bash.ngrok-free.dev'. You may need to add 'ether-savanna-bash.ngrok-free.dev' to ALLOWED_HOSTS.
[03/Jun/2026 12:13:35] "POST /webhook HTTP/1.1" 400 72727
Invalid HTTP_HOST header: 'ether-savanna-bash.ngrok-free.dev'. You may need to add 'ether-savanna-bash.ngrok-free.dev' to ALLOWED_HOSTS.
Traceback (most recent call last):
  File "C:\Users\carol\OneDrive\Desktop\cabanas\.venv\Lib\site-packages\django\core\handlers\exception.py", line 55, in inner
    response = get_response(request)
  File "C:\Users\carol\OneDrive\Desktop\cabanas\.venv\Lib\site-packages\django\utils\deprecation.py", line 308, in __call__
    response = self.process_request(request)
  File "C:\Users\carol\OneDrive\Desktop\cabanas\.venv\Lib\site-packages\django\middleware\common.py", line 48, in process_request
    host = request.get_host()
  File "C:\Users\carol\OneDrive\Desktop\cabanas\.venv\Lib\site-packages\django\http\request.py", line 206, in get_host
    raise DisallowedHost(msg)
django.core.exceptions.DisallowedHost: Invalid HTTP_HOST header: 'ether-savanna-bash.ngrok-free.dev'. You may need to add 'ether-savanna-bash.ngrok-free.dev' to ALLOWED_HOSTS.
[03/Jun/2026 12:15:25] "POST /webhook HTTP/1.1" 400 72727
Invalid HTTP_HOST header: 'ether-savanna-bash.ngrok-free.dev'. You may need to add 'ether-savanna-bash.ngrok-free.dev' to ALLOWED_HOSTS.
Traceback (most recent call last):
  File "C:\Users\carol\OneDrive\Desktop\cabanas\.venv\Lib\site-packages\django\core\handlers\exception.py", line 55, in inner
    response = get_response(request)
  File "C:\Users\carol\OneDrive\Desktop\cabanas\.venv\Lib\site-packages\django\utils\deprecation.py", line 308, in __call__
    response = self.process_request(request)
  File "C:\Users\carol\OneDrive\Desktop\cabanas\.venv\Lib\site-packages\django\middleware\common.py", line 48, in process_request
    host = request.get_host()
  File "C:\Users\carol\OneDrive\Desktop\cabanas\.venv\Lib\site-packages\django\http\request.py", line 206, in get_host
    raise DisallowedHost(msg)
django.core.exceptions.DisallowedHost: Invalid HTTP_HOST header: 'ether-savanna-bash.ngrok-free.dev'. You may need to add 'ether-savanna-bash.ngrok-free.dev' to ALLOWED_HOSTS.
[03/Jun/2026 12:16:41] "POST /webhook HTTP/1.1" 400 72727
Invalid HTTP_HOST header: 'ether-savanna-bash.ngrok-free.dev'. You may need to add 'ether-savanna-bash.ngrok-free.dev' to ALLOWED_HOSTS.
Traceback (most recent call last):
  File "C:\Users\carol\OneDrive\Desktop\cabanas\.venv\Lib\site-packages\django\core\handlers\exception.py", line 55, in inner
    response = get_response(request)
  File "C:\Users\carol\OneDrive\Desktop\cabanas\.venv\Lib\site-packages\django\utils\deprecation.py", line 308, in __call__
    response = self.process_request(request)
  File "C:\Users\carol\OneDrive\Desktop\cabanas\.venv\Lib\site-packages\django\middleware\common.py", line 48, in process_request
    host = request.get_host()
  File "C:\Users\carol\OneDrive\Desktop\cabanas\.venv\Lib\site-packages\django\http\request.py", line 206, in get_host
    raise DisallowedHost(msg)
django.core.exceptions.DisallowedHost: Invalid HTTP_HOST header: 'ether-savanna-bash.ngrok-free.dev'. You may need to add 'ether-savanna-bash.ngrok-free.dev' to ALLOWED_HOSTS.
[03/Jun/2026 12:17:56] "POST /webhook HTTP/1.1" 400 72727
Invalid HTTP_HOST header: 'ether-savanna-bash.ngrok-free.dev'. You may need to add 'ether-savanna-bash.ngrok-free.dev' to ALLOWED_HOSTS.
Traceback (most recent call last):
  File "C:\Users\carol\OneDrive\Desktop\cabanas\.venv\Lib\site-packages\django\core\handlers\exception.py", line 55, in inner
    response = get_response(request)
  File "C:\Users\carol\OneDrive\Desktop\cabanas\.venv\Lib\site-packages\django\utils\deprecation.py", line 308, in __call__
    response = self.process_request(request)
  File "C:\Users\carol\OneDrive\Desktop\cabanas\.venv\Lib\site-packages\django\middleware\common.py", line 48, in process_request
    host = request.get_host()
  File "C:\Users\carol\OneDrive\Desktop\cabanas\.venv\Lib\site-packages\django\http\request.py", line 206, in get_host
    raise DisallowedHost(msg)
django.core.exceptions.DisallowedHost: Invalid HTTP_HOST header: 'ether-savanna-bash.ngrok-free.dev'. You may need to add 'ether-savanna-bash.ngrok-free.dev' to ALLOWED_HOSTS.
[03/Jun/2026 12:19:42] "POST /webhook HTTP/1.1" 400 72727
Invalid HTTP_HOST header: 'ether-savanna-bash.ngrok-free.dev'. You may need to add 'ether-savanna-bash.ngrok-free.dev' to ALLOWED_HOSTS.
Traceback (most recent call last):
  File "C:\Users\carol\OneDrive\Desktop\cabanas\.venv\Lib\site-packages\django\core\handlers\exception.py", line 55, in inner
    response = get_response(request)
  File "C:\Users\carol\OneDrive\Desktop\cabanas\.venv\Lib\site-packages\django\utils\deprecation.py", line 308, in __call__
    response = self.process_request(request)
  File "C:\Users\carol\OneDrive\Desktop\cabanas\.venv\Lib\site-packages\django\middleware\common.py", line 48, in process_request
    host = request.get_host()
  File "C:\Users\carol\OneDrive\Desktop\cabanas\.venv\Lib\site-packages\django\http\request.py", line 206, in get_host
    raise DisallowedHost(msg)
django.core.exceptions.DisallowedHost: Invalid HTTP_HOST header: 'ether-savanna-bash.ngrok-free.dev'. You may need to add 'ether-savanna-bash.ngrok-free.dev' to ALLOWED_HOSTS.
[03/Jun/2026 12:21:43] "POST /webhook HTTP/1.1" 400 72727
Invalid HTTP_HOST header: 'ether-savanna-bash.ngrok-free.dev'. You may need to add 'ether-savanna-bash.ngrok-free.dev' to ALLOWED_HOSTS.
Traceback (most recent call last):
  File "C:\Users\carol\OneDrive\Desktop\cabanas\.venv\Lib\site-packages\django\core\handlers\exception.py", line 55, in inner
    response = get_response(request)
  File "C:\Users\carol\OneDrive\Desktop\cabanas\.venv\Lib\site-packages\django\utils\deprecation.py", line 308, in __call__
    response = self.process_request(request)
  File "C:\Users\carol\OneDrive\Desktop\cabanas\.venv\Lib\site-packages\django\middleware\common.py", line 48, in process_request
    host = request.get_host()
  File "C:\Users\carol\OneDrive\Desktop\cabanas\.venv\Lib\site-packages\django\http\request.py", line 206, in get_host
    raise DisallowedHost(msg)
django.core.exceptions.DisallowedHost: Invalid HTTP_HOST header: 'ether-savanna-bash.ngrok-free.dev'. You may need to add 'ether-savanna-bash.ngrok-free.dev' to ALLOWED_HOSTS.
[03/Jun/2026 12:23:10] "POST /webhook HTTP/1.1" 400 72727
Invalid HTTP_HOST header: 'ether-savanna-bash.ngrok-free.dev'. You may need to add 'ether-savanna-bash.ngrok-free.dev' to ALLOWED_HOSTS.
Traceback (most recent call last):
  File "C:\Users\carol\OneDrive\Desktop\cabanas\.venv\Lib\site-packages\django\core\handlers\exception.py", line 55, in inner
    response = get_response(request)
  File "C:\Users\carol\OneDrive\Desktop\cabanas\.venv\Lib\site-packages\django\utils\deprecation.py", line 308, in __call__
    response = self.process_request(request)
  File "C:\Users\carol\OneDrive\Desktop\cabanas\.venv\Lib\site-packages\django\middleware\common.py", line 48, in process_request
    host = request.get_host()
  File "C:\Users\carol\OneDrive\Desktop\cabanas\.venv\Lib\site-packages\django\http\request.py", line 206, in get_host
    raise DisallowedHost(msg)
django.core.exceptions.DisallowedHost: Invalid HTTP_HOST header: 'ether-savanna-bash.ngrok-free.dev'. You may need to add 'ether-savanna-bash.ngrok-free.dev' to ALLOWED_HOSTS.
[03/Jun/2026 12:24:49] "POST /webhook HTTP/1.1" 400 72727
Invalid HTTP_HOST header: 'ether-savanna-bash.ngrok-free.dev'. You may need to add 'ether-savanna-bash.ngrok-free.dev' to ALLOWED_HOSTS.
Traceback (most recent call last):
  File "C:\Users\carol\OneDrive\Desktop\cabanas\.venv\Lib\site-packages\django\core\handlers\exception.py", line 55, in inner
    response = get_response(request)
  File "C:\Users\carol\OneDrive\Desktop\cabanas\.venv\Lib\site-packages\django\utils\deprecation.py", line 308, in __call__
    response = self.process_request(request)
  File "C:\Users\carol\OneDrive\Desktop\cabanas\.venv\Lib\site-packages\django\middleware\common.py", line 48, in process_request
    host = request.get_host()
  File "C:\Users\carol\OneDrive\Desktop\cabanas\.venv\Lib\site-packages\django\http\request.py", line 206, in get_host
    raise DisallowedHost(msg)
django.core.exceptions.DisallowedHost: Invalid HTTP_HOST header: 'ether-savanna-bash.ngrok-free.dev'. You may need to add 'ether-savanna-bash.ngrok-free.dev' to ALLOWED_HOSTS.
[03/Jun/2026 12:26:01] "POST /webhook HTTP/1.1" 400 72727
Invalid HTTP_HOST header: 'ether-savanna-bash.ngrok-free.dev'. You may need to add 'ether-savanna-bash.ngrok-free.dev' to ALLOWED_HOSTS.
Traceback (most recent call last):
  File "C:\Users\carol\OneDrive\Desktop\cabanas\.venv\Lib\site-packages\django\core\handlers\exception.py", line 55, in inner
    response = get_response(request)
  File "C:\Users\carol\OneDrive\Desktop\cabanas\.venv\Lib\site-packages\django\utils\deprecation.py", line 308, in __call__
    response = self.process_request(request)
  File "C:\Users\carol\OneDrive\Desktop\cabanas\.venv\Lib\site-packages\django\middleware\common.py", line 48, in process_request
    host = request.get_host()
  File "C:\Users\carol\OneDrive\Desktop\cabanas\.venv\Lib\site-packages\django\http\request.py", line 206, in get_host
    raise DisallowedHost(msg)
django.core.exceptions.DisallowedHost: Invalid HTTP_HOST header: 'ether-savanna-bash.ngrok-free.dev'. You may need to add 'ether-savanna-bash.ngrok-free.dev' to ALLOWED_HOSTS.
[03/Jun/2026 12:27:01] "POST /webhook HTTP/1.1" 400 72727
Invalid HTTP_HOST header: 'ether-savanna-bash.ngrok-free.dev'. You may need to add 'ether-savanna-bash.ngrok-free.dev' to ALLOWED_HOSTS.
Traceback (most recent call last):
  File "C:\Users\carol\OneDrive\Desktop\cabanas\.venv\Lib\site-packages\django\core\handlers\exception.py", line 55, in inner
    response = get_response(request)
  File "C:\Users\carol\OneDrive\Desktop\cabanas\.venv\Lib\site-packages\django\utils\deprecation.py", line 308, in __call__
    response = self.process_request(request)
  File "C:\Users\carol\OneDrive\Desktop\cabanas\.venv\Lib\site-packages\django\middleware\common.py", line 48, in process_request
    host = request.get_host()
  File "C:\Users\carol\OneDrive\Desktop\cabanas\.venv\Lib\site-packages\django\http\request.py", line 206, in get_host
    raise DisallowedHost(msg)
django.core.exceptions.DisallowedHost: Invalid HTTP_HOST header: 'ether-savanna-bash.ngrok-free.dev'. You may need to add 'ether-savanna-bash.ngrok-free.dev' to ALLOWED_HOSTS.
[03/Jun/2026 12:28:44] "POST /webhook HTTP/1.1" 400 72727
Invalid HTTP_HOST header: 'ether-savanna-bash.ngrok-free.dev'. You may need to add 'ether-savanna-bash.ngrok-free.dev' to ALLOWED_HOSTS.
Traceback (most recent call last):
  File "C:\Users\carol\OneDrive\Desktop\cabanas\.venv\Lib\site-packages\django\core\handlers\exception.py", line 55, in inner
    response = get_response(request)
  File "C:\Users\carol\OneDrive\Desktop\cabanas\.venv\Lib\site-packages\django\utils\deprecation.py", line 308, in __call__
    response = self.process_request(request)
  File "C:\Users\carol\OneDrive\Desktop\cabanas\.venv\Lib\site-packages\django\middleware\common.py", line 48, in process_request
    host = request.get_host()
  File "C:\Users\carol\OneDrive\Desktop\cabanas\.venv\Lib\site-packages\django\http\request.py", line 206, in get_host
    raise DisallowedHost(msg)
django.core.exceptions.DisallowedHost: Invalid HTTP_HOST header: 'ether-savanna-bash.ngrok-free.dev'. You may need to add 'ether-savanna-bash.ngrok-free.dev' to ALLOWED_HOSTS.
[03/Jun/2026 12:30:45] "POST /webhook HTTP/1.1" 400 72727
Invalid HTTP_HOST header: 'ether-savanna-bash.ngrok-free.dev'. You may need to add 'ether-savanna-bash.ngrok-free.dev' to ALLOWED_HOSTS.
Traceback (most recent call last):
  File "C:\Users\carol\OneDrive\Desktop\cabanas\.venv\Lib\site-packages\django\core\handlers\exception.py", line 55, in inner
    response = get_response(request)
  File "C:\Users\carol\OneDrive\Desktop\cabanas\.venv\Lib\site-packages\django\utils\deprecation.py", line 308, in __call__
    response = self.process_request(request)
  File "C:\Users\carol\OneDrive\Desktop\cabanas\.venv\Lib\site-packages\django\middleware\common.py", line 48, in process_request
    host = request.get_host()
  File "C:\Users\carol\OneDrive\Desktop\cabanas\.venv\Lib\site-packages\django\http\request.py", line 206, in get_host
    raise DisallowedHost(msg)
django.core.exceptions.DisallowedHost: Invalid HTTP_HOST header: 'ether-savanna-bash.ngrok-free.dev'. You may need to add 'ether-savanna-bash.ngrok-free.dev' to ALLOWED_HOSTS.
[03/Jun/2026 12:32:09] "POST /webhook HTTP/1.1" 400 72727
Invalid HTTP_HOST header: 'ether-savanna-bash.ngrok-free.dev'. You may need to add 'ether-savanna-bash.ngrok-free.dev' to ALLOWED_HOSTS.
Traceback (most recent call last):
  File "C:\Users\carol\OneDrive\Desktop\cabanas\.venv\Lib\site-packages\django\core\handlers\exception.py", line 55, in inner
    response = get_response(request)
  File "C:\Users\carol\OneDrive\Desktop\cabanas\.venv\Lib\site-packages\django\utils\deprecation.py", line 308, in __call__
    response = self.process_request(request)
  File "C:\Users\carol\OneDrive\Desktop\cabanas\.venv\Lib\site-packages\django\middleware\common.py", line 48, in process_request
    host = request.get_host()
  File "C:\Users\carol\OneDrive\Desktop\cabanas\.venv\Lib\site-packages\django\http\request.py", line 206, in get_host
    raise DisallowedHost(msg)
django.core.exceptions.DisallowedHost: Invalid HTTP_HOST header: 'ether-savanna-bash.ngrok-free.dev'. You may need to add 'ether-savanna-bash.ngrok-free.dev' to ALLOWED_HOSTS.
[03/Jun/2026 13:43:00] "POST /webhook HTTP/1.1" 400 72727
Invalid HTTP_HOST header: 'ether-savanna-bash.ngrok-free.dev'. You may need to add 'ether-savanna-bash.ngrok-free.dev' to ALLOWED_HOSTS.
Traceback (most recent call last):
  File "C:\Users\carol\OneDrive\Desktop\cabanas\.venv\Lib\site-packages\django\core\handlers\exception.py", line 55, in inner
    response = get_response(request)
  File "C:\Users\carol\OneDrive\Desktop\cabanas\.venv\Lib\site-packages\django\utils\deprecation.py", line 308, in __call__
    response = self.process_request(request)
  File "C:\Users\carol\OneDrive\Desktop\cabanas\.venv\Lib\site-packages\django\middleware\common.py", line 48, in process_request
    host = request.get_host()
  File "C:\Users\carol\OneDrive\Desktop\cabanas\.venv\Lib\site-packages\django\http\request.py", line 206, in get_host
    raise DisallowedHost(msg)
django.core.exceptions.DisallowedHost: Invalid HTTP_HOST header: 'ether-savanna-bash.ngrok-free.dev'. You may need to add 'ether-savanna-bash.ngrok-free.dev' to ALLOWED_HOSTS.
[03/Jun/2026 13:43:01] "POST /webhook HTTP/1.1" 400 72727
Invalid HTTP_HOST header: 'ether-savanna-bash.ngrok-free.dev'. You may need to add 'ether-savanna-bash.ngrok-free.dev' to ALLOWED_HOSTS.
Traceback (most recent call last):
  File "C:\Users\carol\OneDrive\Desktop\cabanas\.venv\Lib\site-packages\django\core\handlers\exception.py", line 55, in inner
    response = get_response(request)
  File "C:\Users\carol\OneDrive\Desktop\cabanas\.venv\Lib\site-packages\django\utils\deprecation.py", line 308, in __call__
    response = self.process_request(request)
  File "C:\Users\carol\OneDrive\Desktop\cabanas\.venv\Lib\site-packages\django\middleware\common.py", line 48, in process_request
    host = request.get_host()
  File "C:\Users\carol\OneDrive\Desktop\cabanas\.venv\Lib\site-packages\django\http\request.py", line 206, in get_host
    raise DisallowedHost(msg)
django.core.exceptions.DisallowedHost: Invalid HTTP_HOST header: 'ether-savanna-bash.ngrok-free.dev'. You may need to add 'ether-savanna-bash.ngrok-free.dev' to ALLOWED_HOSTS.
[03/Jun/2026 13:43:04] "POST /webhook HTTP/1.1" 400 72727
Invalid HTTP_HOST header: 'ether-savanna-bash.ngrok-free.dev'. You may need to add 'ether-savanna-bash.ngrok-free.dev' to ALLOWED_HOSTS.
Traceback (most recent call last):
  File "C:\Users\carol\OneDrive\Desktop\cabanas\.venv\Lib\site-packages\django\core\handlers\exception.py", line 55, in inner
    response = get_response(request)
  File "C:\Users\carol\OneDrive\Desktop\cabanas\.venv\Lib\site-packages\django\utils\deprecation.py", line 308, in __call__
    response = self.process_request(request)
  File "C:\Users\carol\OneDrive\Desktop\cabanas\.venv\Lib\site-packages\django\middleware\common.py", line 48, in process_request
    host = request.get_host()
  File "C:\Users\carol\OneDrive\Desktop\cabanas\.venv\Lib\site-packages\django\http\request.py", line 206, in get_host
    raise DisallowedHost(msg)
django.core.exceptions.DisallowedHost: Invalid HTTP_HOST header: 'ether-savanna-bash.ngrok-free.dev'. You may need to add 'ether-savanna-bash.ngrok-free.dev' to ALLOWED_HOSTS.
[03/Jun/2026 13:43:08] "POST /webhook HTTP/1.1" 400 72727
Invalid HTTP_HOST header: 'ether-savanna-bash.ngrok-free.dev'. You may need to add 'ether-savanna-bash.ngrok-free.dev' to ALLOWED_HOSTS.
Traceback (most recent call last):
  File "C:\Users\carol\OneDrive\Desktop\cabanas\.venv\Lib\site-packages\django\core\handlers\exception.py", line 55, in inner
    response = get_response(request)
  File "C:\Users\carol\OneDrive\Desktop\cabanas\.venv\Lib\site-packages\django\utils\deprecation.py", line 308, in __call__
    response = self.process_request(request)
  File "C:\Users\carol\OneDrive\Desktop\cabanas\.venv\Lib\site-packages\django\middleware\common.py", line 48, in process_request
    host = request.get_host()
  File "C:\Users\carol\OneDrive\Desktop\cabanas\.venv\Lib\site-packages\django\http\request.py", line 206, in get_host
    raise DisallowedHost(msg)
django.core.exceptions.DisallowedHost: Invalid HTTP_HOST header: 'ether-savanna-bash.ngrok-free.dev'. You may need to add 'ether-savanna-bash.ngrok-free.dev' to ALLOWED_HOSTS.
[03/Jun/2026 13:43:17] "POST /webhook HTTP/1.1" 400 72727
Invalid HTTP_HOST header: 'ether-savanna-bash.ngrok-free.dev'. You may need to add 'ether-savanna-bash.ngrok-free.dev' to ALLOWED_HOSTS.
Traceback (most recent call last):
  File "C:\Users\carol\OneDrive\Desktop\cabanas\.venv\Lib\site-packages\django\core\handlers\exception.py", line 55, in inner
    response = get_response(request)
  File "C:\Users\carol\OneDrive\Desktop\cabanas\.venv\Lib\site-packages\django\utils\deprecation.py", line 308, in __call__
    response = self.process_request(request)
  File "C:\Users\carol\OneDrive\Desktop\cabanas\.venv\Lib\site-packages\django\middleware\common.py", line 48, in process_request
    host = request.get_host()
  File "C:\Users\carol\OneDrive\Desktop\cabanas\.venv\Lib\site-packages\django\http\request.py", line 206, in get_host
    raise DisallowedHost(msg)
django.core.exceptions.DisallowedHost: Invalid HTTP_HOST header: 'ether-savanna-bash.ngrok-free.dev'. You may need to add 'ether-savanna-bash.ngrok-free.dev' to ALLOWED_HOSTS.
[03/Jun/2026 13:43:34] "POST /webhook HTTP/1.1" 400 72727
Invalid HTTP_HOST header: 'ether-savanna-bash.ngrok-free.dev'. You may need to add 'ether-savanna-bash.ngrok-free.dev' to ALLOWED_HOSTS.
Traceback (most recent call last):
  File "C:\Users\carol\OneDrive\Desktop\cabanas\.venv\Lib\site-packages\django\core\handlers\exception.py", line 55, in inner
    response = get_response(request)
  File "C:\Users\carol\OneDrive\Desktop\cabanas\.venv\Lib\site-packages\django\utils\deprecation.py", line 308, in __call__
    response = self.process_request(request)
  File "C:\Users\carol\OneDrive\Desktop\cabanas\.venv\Lib\site-packages\django\middleware\common.py", line 48, in process_request
    host = request.get_host()
  File "C:\Users\carol\OneDrive\Desktop\cabanas\.venv\Lib\site-packages\django\http\request.py", line 206, in get_host
    raise DisallowedHost(msg)
django.core.exceptions.DisallowedHost: Invalid HTTP_HOST header: 'ether-savanna-bash.ngrok-free.dev'. You may need to add 'ether-savanna-bash.ngrok-free.dev' to ALLOWED_HOSTS.
[03/Jun/2026 13:44:07] "POST /webhook HTTP/1.1" 400 72727
Invalid HTTP_HOST header: 'ether-savanna-bash.ngrok-free.dev'. You may need to add 'ether-savanna-bash.ngrok-free.dev' to ALLOWED_HOSTS.
Traceback (most recent call last):
  File "C:\Users\carol\OneDrive\Desktop\cabanas\.venv\Lib\site-packages\django\core\handlers\exception.py", line 55, in inner
    response = get_response(request)
  File "C:\Users\carol\OneDrive\Desktop\cabanas\.venv\Lib\site-packages\django\utils\deprecation.py", line 308, in __call__
    response = self.process_request(request)
  File "C:\Users\carol\OneDrive\Desktop\cabanas\.venv\Lib\site-packages\django\middleware\common.py", line 48, in process_request
    host = request.get_host()
  File "C:\Users\carol\OneDrive\Desktop\cabanas\.venv\Lib\site-packages\django\http\request.py", line 206, in get_host
    raise DisallowedHost(msg)
django.core.exceptions.DisallowedHost: Invalid HTTP_HOST header: 'ether-savanna-bash.ngrok-free.dev'. You may need to add 'ether-savanna-bash.ngrok-free.dev' to ALLOWED_HOSTS.
[03/Jun/2026 13:45:12] "POST /webhook HTTP/1.1" 400 72727
[03/Jun/2026 13:46:32] "GET / HTTP/1.1" 200 12690
[03/Jun/2026 13:46:32,657] - Broken pipe from ('127.0.0.1', 51329)
Invalid HTTP_HOST header: 'ether-savanna-bash.ngrok-free.dev'. You may need to add 'ether-savanna-bash.ngrok-free.dev' to ALLOWED_HOSTS.
Traceback (most recent call last):
  File "C:\Users\carol\OneDrive\Desktop\cabanas\.venv\Lib\site-packages\django\core\handlers\exception.py", line 55, in inner
    response = get_response(request)
  File "C:\Users\carol\OneDrive\Desktop\cabanas\.venv\Lib\site-packages\django\utils\deprecation.py", line 308, in __call__
    response = self.process_request(request)
  File "C:\Users\carol\OneDrive\Desktop\cabanas\.venv\Lib\site-packages\django\middleware\common.py", line 48, in process_request
    host = request.get_host()
  File "C:\Users\carol\OneDrive\Desktop\cabanas\.venv\Lib\site-packages\django\http\request.py", line 206, in get_host
    raise DisallowedHost(msg)
django.core.exceptions.DisallowedHost: Invalid HTTP_HOST header: 'ether-savanna-bash.ngrok-free.dev'. You may need to add 'ether-savanna-bash.ngrok-free.dev' to ALLOWED_HOSTS.
[03/Jun/2026 13:46:38] "POST /webhook HTTP/1.1" 400 72727
[03/Jun/2026 13:47:43] "GET / HTTP/1.1" 200 12690
[03/Jun/2026 13:47:43,474] - Broken pipe from ('127.0.0.1', 55376)
[03/Jun/2026 13:47:47] "GET / HTTP/1.1" 200 12690
[03/Jun/2026 13:47:47,244] - Broken pipe from ('127.0.0.1', 57157)
Invalid HTTP_HOST header: 'ether-savanna-bash.ngrok-free.dev'. You may need to add 'ether-savanna-bash.ngrok-free.dev' to ALLOWED_HOSTS.
Traceback (most recent call last):
  File "C:\Users\carol\OneDrive\Desktop\cabanas\.venv\Lib\site-packages\django\core\handlers\exception.py", line 55, in inner
    response = get_response(request)
  File "C:\Users\carol\OneDrive\Desktop\cabanas\.venv\Lib\site-packages\django\utils\deprecation.py", line 308, in __call__
    response = self.process_request(request)
  File "C:\Users\carol\OneDrive\Desktop\cabanas\.venv\Lib\site-packages\django\middleware\common.py", line 48, in process_request
    host = request.get_host()
  File "C:\Users\carol\OneDrive\Desktop\cabanas\.venv\Lib\site-packages\django\http\request.py", line 206, in get_host
    raise DisallowedHost(msg)
django.core.exceptions.DisallowedHost: Invalid HTTP_HOST header: 'ether-savanna-bash.ngrok-free.dev'. You may need to add 'ether-savanna-bash.ngrok-free.dev' to ALLOWED_HOSTS.
[03/Jun/2026 13:48:27] "POST /webhook HTTP/1.1" 400 72727
Invalid HTTP_HOST header: 'ether-savanna-bash.ngrok-free.dev'. You may need to add 'ether-savanna-bash.ngrok-free.dev' to ALLOWED_HOSTS.
Traceback (most recent call last):
  File "C:\Users\carol\OneDrive\Desktop\cabanas\.venv\Lib\site-packages\django\core\handlers\exception.py", line 55, in inner
    response = get_response(request)
  File "C:\Users\carol\OneDrive\Desktop\cabanas\.venv\Lib\site-packages\django\utils\deprecation.py", line 308, in __call__
    response = self.process_request(request)
  File "C:\Users\carol\OneDrive\Desktop\cabanas\.venv\Lib\site-packages\django\middleware\common.py", line 48, in process_request
    host = request.get_host()
  File "C:\Users\carol\OneDrive\Desktop\cabanas\.venv\Lib\site-packages\django\http\request.py", line 206, in get_host
    raise DisallowedHost(msg)
django.core.exceptions.DisallowedHost: Invalid HTTP_HOST header: 'ether-savanna-bash.ngrok-free.dev'. You may need to add 'ether-savanna-bash.ngrok-free.dev' to ALLOWED_HOSTS.
[03/Jun/2026 13:49:32] "POST /webhook HTTP/1.1" 400 72727
Invalid HTTP_HOST header: 'ether-savanna-bash.ngrok-free.dev'. You may need to add 'ether-savanna-bash.ngrok-free.dev' to ALLOWED_HOSTS.
Traceback (most recent call last):
  File "C:\Users\carol\OneDrive\Desktop\cabanas\.venv\Lib\site-packages\django\core\handlers\exception.py", line 55, in inner
    response = get_response(request)
  File "C:\Users\carol\OneDrive\Desktop\cabanas\.venv\Lib\site-packages\django\utils\deprecation.py", line 308, in __call__
    response = self.process_request(request)
  File "C:\Users\carol\OneDrive\Desktop\cabanas\.venv\Lib\site-packages\django\middleware\common.py", line 48, in process_request
    host = request.get_host()
  File "C:\Users\carol\OneDrive\Desktop\cabanas\.venv\Lib\site-packages\django\http\request.py", line 206, in get_host
    raise DisallowedHost(msg)
django.core.exceptions.DisallowedHost: Invalid HTTP_HOST header: 'ether-savanna-bash.ngrok-free.dev'. You may need to add 'ether-savanna-bash.ngrok-free.dev' to ALLOWED_HOSTS.
[03/Jun/2026 13:51:08] "POST /webhook HTTP/1.1" 400 72727
Invalid HTTP_HOST header: 'ether-savanna-bash.ngrok-free.dev'. You may need to add 'ether-savanna-bash.ngrok-free.dev' to ALLOWED_HOSTS.
Traceback (most recent call last):
  File "C:\Users\carol\OneDrive\Desktop\cabanas\.venv\Lib\site-packages\django\core\handlers\exception.py", line 55, in inner
    response = get_response(request)
  File "C:\Users\carol\OneDrive\Desktop\cabanas\.venv\Lib\site-packages\django\utils\deprecation.py", line 308, in __call__
    response = self.process_request(request)
  File "C:\Users\carol\OneDrive\Desktop\cabanas\.venv\Lib\site-packages\django\middleware\common.py", line 48, in process_request
    host = request.get_host()
  File "C:\Users\carol\OneDrive\Desktop\cabanas\.venv\Lib\site-packages\django\http\request.py", line 206, in get_host
    raise DisallowedHost(msg)
django.core.exceptions.DisallowedHost: Invalid HTTP_HOST header: 'ether-savanna-bash.ngrok-free.dev'. You may need to add 'ether-savanna-bash.ngrok-free.dev' to ALLOWED_HOSTS.
[03/Jun/2026 13:52:12] "POST /webhook HTTP/1.1" 400 72727
[03/Jun/2026 17:27:23] "GET /admin/ HTTP/1.1" 302 0
Not Found: /google/
[03/Jun/2026 17:27:23] "GET /google/ HTTP/1.1" 404 10601
[03/Jun/2026 17:27:23] "GET /admin/login/?next=/admin/ HTTP/1.1" 200 4137
Not Found: /favicon.ico
[03/Jun/2026 17:27:23] "GET /favicon.ico HTTP/1.1" 404 10613
[03/Jun/2026 17:27:23] "GET /static/admin/css/dark_mode.css HTTP/1.1" 200 3538
[03/Jun/2026 17:27:23] "GET /static/admin/css/nav_sidebar.css HTTP/1.1" 200 2810
[03/Jun/2026 17:27:23] "GET /static/admin/css/base.css HTTP/1.1" 200 23100
[03/Jun/2026 17:27:23] "GET /static/admin/js/theme.js HTTP/1.1" 200 1653
[03/Jun/2026 17:27:23] "GET /static/admin/css/login.css HTTP/1.1" 200 951
[03/Jun/2026 17:27:23] "GET /static/admin/css/responsive.css HTTP/1.1" 200 16273
[03/Jun/2026 17:27:23] "GET /static/admin/js/nav_sidebar.js HTTP/1.1" 200 3063
[03/Jun/2026 17:27:35] "POST /admin/login/?next=/admin/ HTTP/1.1" 200 4388
[03/Jun/2026 17:27:44] "POST /admin/login/?next=/admin/ HTTP/1.1" 200 4388
[03/Jun/2026 17:28:09] "GET /admin/ HTTP/1.1" 302 0
[03/Jun/2026 17:28:09] "GET /admin/login/?next=/admin/ HTTP/1.1" 200 4137
Not Found: /google/
[03/Jun/2026 17:28:09] "GET /google/ HTTP/1.1" 404 10601
Not Found: /favicon.ico
[03/Jun/2026 17:28:09] "GET /favicon.ico HTTP/1.1" 404 10613
[03/Jun/2026 17:28:59] "GET /admin/ HTTP/1.1" 302 0
[03/Jun/2026 17:28:59] "GET /admin/login/?next=/admin/ HTTP/1.1" 200 4137
Not Found: /google/
[03/Jun/2026 17:28:59] "GET /google/ HTTP/1.1" 404 10601
Not Found: /favicon.ico
[03/Jun/2026 17:28:59] "GET /favicon.ico HTTP/1.1" 404 10613
[03/Jun/2026 17:30:29] "GET /admin/ HTTP/1.1" 302 0
[03/Jun/2026 17:30:29] "GET /admin/login/?next=/admin/ HTTP/1.1" 200 4137
Not Found: /google/
[03/Jun/2026 17:30:29] "GET /google/ HTTP/1.1" 404 10601
Not Found: /favicon.ico
[03/Jun/2026 17:30:29] "GET /favicon.ico HTTP/1.1" 404 10613
[03/Jun/2026 17:33:05] "GET /admin/ HTTP/1.1" 302 0
[03/Jun/2026 17:33:05] "GET /admin/login/?next=/admin/ HTTP/1.1" 200 4137
Not Found: /google/
[03/Jun/2026 17:33:05] "GET /google/ HTTP/1.1" 404 10601
Not Found: /favicon.ico
[03/Jun/2026 17:33:05] "GET /favicon.ico HTTP/1.1" 404 10613
[03/Jun/2026 17:37:44] "GET /admin/ HTTP/1.1" 302 0
[03/Jun/2026 17:37:44] "GET /admin/login/?next=/admin/ HTTP/1.1" 200 4137
Not Found: /google/
[03/Jun/2026 17:37:44] "GET /google/ HTTP/1.1" 404 10601
Not Found: /favicon.ico
[03/Jun/2026 17:37:44] "GET /favicon.ico HTTP/1.1" 404 10613
[03/Jun/2026 17:39:03] "GET /admin/ HTTP/1.1" 302 0
[03/Jun/2026 17:39:03] "GET /admin/login/?next=/admin/ HTTP/1.1" 200 4137
Not Found: /google/
[03/Jun/2026 17:39:03] "GET /google/ HTTP/1.1" 404 10601
Not Found: /favicon.ico
[03/Jun/2026 17:39:03] "GET /favicon.ico HTTP/1.1" 404 10613
[03/Jun/2026 17:43:50] "GET /admin/ HTTP/1.1" 302 0
[03/Jun/2026 17:43:50] "GET /admin/login/?next=/admin/ HTTP/1.1" 200 4137
Not Found: /google/
[03/Jun/2026 17:43:50] "GET /google/ HTTP/1.1" 404 10601
Not Found: /favicon.ico
[03/Jun/2026 17:43:50] "GET /favicon.ico HTTP/1.1" 404 10613
[03/Jun/2026 17:49:00] "GET /admin/ HTTP/1.1" 302 0
[03/Jun/2026 17:49:00] "GET /admin/login/?next=/admin/ HTTP/1.1" 200 4137
Not Found: /google/
[03/Jun/2026 17:49:00] "GET /google/ HTTP/1.1" 404 10601
Not Found: /favicon.ico
[03/Jun/2026 17:49:00] "GET /favicon.ico HTTP/1.1" 404 10613
[03/Jun/2026 17:50:48] "GET /admin/ HTTP/1.1" 302 0
[03/Jun/2026 17:50:48] "GET /admin/login/?next=/admin/ HTTP/1.1" 200 4137
Not Found: /google/
[03/Jun/2026 17:50:48] "GET /google/ HTTP/1.1" 404 10601
Not Found: /favicon.ico
[03/Jun/2026 17:50:48] "GET /favicon.ico HTTP/1.1" 404 10613
[03/Jun/2026 17:55:02] "GET /admin/ HTTP/1.1" 302 0
[03/Jun/2026 17:55:02] "GET /admin/login/?next=/admin/ HTTP/1.1" 200 4137
Not Found: /google/
[03/Jun/2026 17:55:02] "GET /google/ HTTP/1.1" 404 10601
Not Found: /favicon.ico
[03/Jun/2026 17:55:02] "GET /favicon.ico HTTP/1.1" 404 10613
[03/Jun/2026 18:00:18] "GET /admin/ HTTP/1.1" 302 0
[03/Jun/2026 18:00:18] "GET /admin/login/?next=/admin/ HTTP/1.1" 200 4137
[03/Jun/2026 18:00:18] "GET /static/admin/css/base.css HTTP/1.1" 200 23100
[03/Jun/2026 18:00:18] "GET /static/admin/css/dark_mode.css HTTP/1.1" 200 3538
[03/Jun/2026 18:00:18] "GET /static/admin/js/theme.js HTTP/1.1" 200 1653
[03/Jun/2026 18:00:18] "GET /static/admin/css/nav_sidebar.css HTTP/1.1" 200 2810
[03/Jun/2026 18:00:18] "GET /static/admin/css/login.css HTTP/1.1" 200 951
[03/Jun/2026 18:00:18] "GET /static/admin/css/responsive.css HTTP/1.1" 200 16273
[03/Jun/2026 18:00:18] "GET /static/admin/js/nav_sidebar.js HTTP/1.1" 200 3063
[03/Jun/2026 18:01:28] "GET /admin/ HTTP/1.1" 302 0
[03/Jun/2026 18:01:28] "GET /admin/login/?next=/admin/ HTTP/1.1" 200 4137
Not Found: /google/
[03/Jun/2026 18:01:28] "GET /google/ HTTP/1.1" 404 10601
Not Found: /favicon.ico
[03/Jun/2026 18:01:28] "GET /favicon.ico HTTP/1.1" 404 10613
Not Found: /google/
[03/Jun/2026 18:03:15] "GET /google/ HTTP/1.1" 404 10601
Not Found: /google/
[03/Jun/2026 18:17:34] "GET /google/ HTTP/1.1" 404 10601
Not Found: /favicon.ico
[03/Jun/2026 18:17:34] "GET /favicon.ico HTTP/1.1" 404 10613
Not Found: /google/
[03/Jun/2026 18:49:43] "GET /google/ HTTP/1.1" 404 10601
Not Found: /favicon.ico
[03/Jun/2026 18:49:43] "GET /favicon.ico HTTP/1.1" 404 10613
Not Found: /google/
[03/Jun/2026 18:52:03] "GET /google/ HTTP/1.1" 404 10601
Not Found: /favicon.ico
[03/Jun/2026 18:52:03] "GET /favicon.ico HTTP/1.1" 404 10613
[03/Jun/2026 18:52:44] "GET /admin/ HTTP/1.1" 302 0
[03/Jun/2026 18:52:44] "GET /admin/login/?next=/admin/ HTTP/1.1" 200 4137
[03/Jun/2026 18:53:08] "POST /admin/login/?next=/admin/ HTTP/1.1" 200 4388
[03/Jun/2026 18:53:32] "GET /admin/ HTTP/1.1" 302 0
[03/Jun/2026 18:53:32] "GET /admin/login/?next=/admin/ HTTP/1.1" 200 4137
[03/Jun/2026 18:53:53] "POST /admin/login/?next=/admin/ HTTP/1.1" 200 4398
[03/Jun/2026 18:54:07] "POST /admin/login/?next=/admin/ HTTP/1.1" 200 4388
[03/Jun/2026 18:57:17] "GET /admin/ HTTP/1.1" 302 0
[03/Jun/2026 18:57:17] "GET /admin/login/?next=/admin/ HTTP/1.1" 200 4137
[03/Jun/2026 18:58:03] "GET /admin/ HTTP/1.1" 302 0
[03/Jun/2026 18:58:03] "GET /admin/login/?next=/admin/ HTTP/1.1" 200 4137
[03/Jun/2026 18:59:21] "GET /admin/ HTTP/1.1" 302 0
[03/Jun/2026 18:59:21] "GET /admin/login/?next=/admin/ HTTP/1.1" 200 4137
Not Found: /google/
[03/Jun/2026 19:14:50] "GET /google/ HTTP/1.1" 404 10601
Not Found: /favicon.ico
[03/Jun/2026 19:14:50] "GET /favicon.ico HTTP/1.1" 404 10613
Not Found: /google/
[03/Jun/2026 19:15:32] "GET /google/ HTTP/1.1" 404 10601
Not Found: /favicon.ico
[03/Jun/2026 19:15:32] "GET /favicon.ico HTTP/1.1" 404 10613
Not Found: /google/
[03/Jun/2026 19:19:39] "GET /google/ HTTP/1.1" 404 10601
Not Found: /favicon.ico
[03/Jun/2026 19:19:39] "GET /favicon.ico HTTP/1.1" 404 10613
Not Found: /google/
[03/Jun/2026 19:25:33] "GET /google/ HTTP/1.1" 404 10601
Not Found: /favicon.ico
[03/Jun/2026 19:25:33] "GET /favicon.ico HTTP/1.1" 404 10613
Not Found: /google/
[03/Jun/2026 19:36:00] "GET /google/ HTTP/1.1" 404 10601
Not Found: /favicon.ico
[03/Jun/2026 19:36:00] "GET /favicon.ico HTTP/1.1" 404 10613
Not Found: /google/
[03/Jun/2026 19:59:53] "GET /google/ HTTP/1.1" 404 10601
Not Found: /google/
[03/Jun/2026 20:01:02] "GET /google/ HTTP/1.1" 404 10601
Not Found: /favicon.ico
[03/Jun/2026 20:01:02] "GET /favicon.ico HTTP/1.1" 404 10613
Not Found: /google/
[03/Jun/2026 20:25:51] "GET /google/ HTTP/1.1" 404 10601
Not Found: /favicon.ico
[03/Jun/2026 20:25:51] "GET /favicon.ico HTTP/1.1" 404 10613
Not Found: /google/
[03/Jun/2026 20:30:35] "GET /google/ HTTP/1.1" 404 10601
Not Found: /favicon.ico
[03/Jun/2026 20:30:35] "GET /favicon.ico HTTP/1.1" 404 10613
Not Found: /google/
[03/Jun/2026 20:39:03] "GET /google/ HTTP/1.1" 404 10601
Not Found: /favicon.ico
[03/Jun/2026 20:39:03] "GET /favicon.ico HTTP/1.1" 404 10613
Not Found: /google/
[03/Jun/2026 20:49:54] "GET /google/ HTTP/1.1" 404 10601
Not Found: /favicon.ico
[03/Jun/2026 20:49:54] "GET /favicon.ico HTTP/1.1" 404 10613
Not Found: /google/
[03/Jun/2026 20:53:35] "GET /google/ HTTP/1.1" 404 10601
Not Found: /favicon.ico
[03/Jun/2026 20:53:35] "GET /favicon.ico HTTP/1.1" 404 10613
Not Found: /google/
[03/Jun/2026 20:58:32] "GET /google/ HTTP/1.1" 404 10601
Not Found: /favicon.ico
[03/Jun/2026 20:58:32] "GET /favicon.ico HTTP/1.1" 404 10613
Not Found: /google/
[03/Jun/2026 21:00:39] "GET /google/ HTTP/1.1" 404 10601
Not Found: /favicon.ico
[03/Jun/2026 21:00:39] "GET /favicon.ico HTTP/1.1" 404 10613
[03/Jun/2026 21:01:51] "GET / HTTP/1.1" 200 12690
[03/Jun/2026 21:01:51] "GET /static/css/local_bootstrap.css HTTP/1.1" 304 0
[03/Jun/2026 21:01:51] "GET /static/images/picina.jpg.jpeg HTTP/1.1" 304 0
[03/Jun/2026 21:01:51] "GET /static/images/foto_principal.jpg.jpeg HTTP/1.1" 304 0
[03/Jun/2026 21:01:51] "GET /static/images/segunda_imagen.jpg.jpeg HTTP/1.1" 304 0
[03/Jun/2026 21:01:51] "GET /chatbot/ HTTP/1.1" 200 423
Not Found: /favicon.ico
[03/Jun/2026 21:01:51] "GET /favicon.ico HTTP/1.1" 404 10613
[03/Jun/2026 21:02:39] "GET / HTTP/1.1" 200 12690
[03/Jun/2026 21:02:39] "GET /chatbot/ HTTP/1.1" 200 423
Not Found: /favicon.ico
[03/Jun/2026 21:02:39] "GET /favicon.ico HTTP/1.1" 404 10613
Not Found: /google/
[03/Jun/2026 21:14:50] "GET /google/ HTTP/1.1" 404 10601
Not Found: /favicon.ico
[03/Jun/2026 21:14:50] "GET /favicon.ico HTTP/1.1" 404 10613
